Archive member included to satisfy reference by file (symbol)

c:/program files (x86)/atmel/studio/7.0/toolchain/avr8/avr8-gnu-toolchain/bin/../lib/gcc/avr/4.9.2/avr5\libgcc.a(_exit.o)
                              C:/Program Files (x86)/Atmel/Studio/7.0/Packs/atmel/ATmega_DFP/1.0.106/gcc/dev/atmega328p/avr5/crtatmega328p.o (exit)
c:/program files (x86)/atmel/studio/7.0/toolchain/avr8/avr8-gnu-toolchain/bin/../lib/gcc/avr/4.9.2/avr5\libgcc.a(_copy_data.o)
                              mcp2515_regdump.o (__do_copy_data)
c:/program files (x86)/atmel/studio/7.0/toolchain/avr8/avr8-gnu-toolchain/bin/../lib/gcc/avr/4.9.2/../../../../avr/lib/avr5\libc.a(printf_p.o)
                              mcp2515_regdump.o (printf_P)
c:/program files (x86)/atmel/studio/7.0/toolchain/avr8/avr8-gnu-toolchain/bin/../lib/gcc/avr/4.9.2/../../../../avr/lib/avr5\libc.a(vfprintf_std.o)
                              c:/program files (x86)/atmel/studio/7.0/toolchain/avr8/avr8-gnu-toolchain/bin/../lib/gcc/avr/4.9.2/../../../../avr/lib/avr5\libc.a(printf_p.o) (vfprintf)
c:/program files (x86)/atmel/studio/7.0/toolchain/avr8/avr8-gnu-toolchain/bin/../lib/gcc/avr/4.9.2/../../../../avr/lib/avr5\libc.a(strnlen_P.o)
                              c:/program files (x86)/atmel/studio/7.0/toolchain/avr8/avr8-gnu-toolchain/bin/../lib/gcc/avr/4.9.2/../../../../avr/lib/avr5\libc.a(vfprintf_std.o) (strnlen_P)
c:/program files (x86)/atmel/studio/7.0/toolchain/avr8/avr8-gnu-toolchain/bin/../lib/gcc/avr/4.9.2/../../../../avr/lib/avr5\libc.a(strnlen.o)
                              c:/program files (x86)/atmel/studio/7.0/toolchain/avr8/avr8-gnu-toolchain/bin/../lib/gcc/avr/4.9.2/../../../../avr/lib/avr5\libc.a(vfprintf_std.o) (strnlen)
c:/program files (x86)/atmel/studio/7.0/toolchain/avr8/avr8-gnu-toolchain/bin/../lib/gcc/avr/4.9.2/../../../../avr/lib/avr5\libc.a(fputc.o)
                              c:/program files (x86)/atmel/studio/7.0/toolchain/avr8/avr8-gnu-toolchain/bin/../lib/gcc/avr/4.9.2/../../../../avr/lib/avr5\libc.a(vfprintf_std.o) (fputc)
c:/program files (x86)/atmel/studio/7.0/toolchain/avr8/avr8-gnu-toolchain/bin/../lib/gcc/avr/4.9.2/../../../../avr/lib/avr5\libc.a(iob.o)
                              c:/program files (x86)/atmel/studio/7.0/toolchain/avr8/avr8-gnu-toolchain/bin/../lib/gcc/avr/4.9.2/../../../../avr/lib/avr5\libc.a(printf_p.o) (__iob)
c:/program files (x86)/atmel/studio/7.0/toolchain/avr8/avr8-gnu-toolchain/bin/../lib/gcc/avr/4.9.2/../../../../avr/lib/avr5\libc.a(ultoa_invert.o)
                              c:/program files (x86)/atmel/studio/7.0/toolchain/avr8/avr8-gnu-toolchain/bin/../lib/gcc/avr/4.9.2/../../../../avr/lib/avr5\libc.a(vfprintf_std.o) (__ultoa_invert)
c:/program files (x86)/atmel/studio/7.0/toolchain/avr8/avr8-gnu-toolchain/bin/../lib/gcc/avr/4.9.2/avr5\libgcc.a(_clear_bss.o)
                              c:/program files (x86)/atmel/studio/7.0/toolchain/avr8/avr8-gnu-toolchain/bin/../lib/gcc/avr/4.9.2/../../../../avr/lib/avr5\libc.a(iob.o) (__do_clear_bss)
c:/program files (x86)/atmel/studio/7.0/toolchain/avr8/avr8-gnu-toolchain/bin/../lib/gcc/avr/4.9.2/avr5\libgcc.a(_prologue.o)
                              c:/program files (x86)/atmel/studio/7.0/toolchain/avr8/avr8-gnu-toolchain/bin/../lib/gcc/avr/4.9.2/../../../../avr/lib/avr5\libc.a(printf_p.o) (__prologue_saves__)
c:/program files (x86)/atmel/studio/7.0/toolchain/avr8/avr8-gnu-toolchain/bin/../lib/gcc/avr/4.9.2/avr5\libgcc.a(_epilogue.o)
                              c:/program files (x86)/atmel/studio/7.0/toolchain/avr8/avr8-gnu-toolchain/bin/../lib/gcc/avr/4.9.2/../../../../avr/lib/avr5\libc.a(printf_p.o) (__epilogue_restores__)

Allocating common symbols
Common symbol       size              file

__iob               0x6               c:/program files (x86)/atmel/studio/7.0/toolchain/avr8/avr8-gnu-toolchain/bin/../lib/gcc/avr/4.9.2/../../../../avr/lib/avr5\libc.a(iob.o)

Discarded input sections

 .data          0x00000000        0x0 C:/Program Files (x86)/Atmel/Studio/7.0/Packs/atmel/ATmega_DFP/1.0.106/gcc/dev/atmega328p/avr5/crtatmega328p.o
 .bss           0x00000000        0x0 C:/Program Files (x86)/Atmel/Studio/7.0/Packs/atmel/ATmega_DFP/1.0.106/gcc/dev/atmega328p/avr5/crtatmega328p.o
 .text          0x00000000        0x0 can_buffer.o
 .data          0x00000000        0x0 can_buffer.o
 .bss           0x00000000        0x0 can_buffer.o
 .text.can_buffer_init
                0x00000000       0x16 can_buffer.o
 .text.can_buffer_empty
                0x00000000       0x12 can_buffer.o
 .text.can_buffer_full
                0x00000000       0x16 can_buffer.o
 .text.can_buffer_get_enqueue_ptr
                0x00000000       0x38 can_buffer.o
 .text.can_buffer_enqueue
                0x00000000       0x1e can_buffer.o
 .text.can_buffer_get_dequeue_ptr
                0x00000000       0x38 can_buffer.o
 .text.can_buffer_dequeue
                0x00000000       0x1e can_buffer.o
 .debug_info    0x00000000      0x4d0 can_buffer.o
 .debug_abbrev  0x00000000      0x1b7 can_buffer.o
 .debug_loc     0x00000000      0x21a can_buffer.o
 .debug_aranges
                0x00000000       0x50 can_buffer.o
 .debug_ranges  0x00000000       0x40 can_buffer.o
 .debug_line    0x00000000      0x2bd can_buffer.o
 .debug_str     0x00000000      0x2ce can_buffer.o
 .comment       0x00000000       0x31 can_buffer.o
 .debug_frame   0x00000000       0x9c can_buffer.o
 .text          0x00000000        0x0 main.o
 .data          0x00000000        0x0 main.o
 .bss           0x00000000        0x0 main.o
 .text          0x00000000        0x0 mcp2515.o
 .data          0x00000000        0x0 mcp2515.o
 .bss           0x00000000        0x0 mcp2515.o
 .text          0x00000000        0x0 mcp2515_buffer.o
 .data          0x00000000        0x0 mcp2515_buffer.o
 .bss           0x00000000        0x0 mcp2515_buffer.o
 .text.can_check_free_buffer
                0x00000000       0x14 mcp2515_buffer.o
 .text          0x00000000        0x0 mcp2515_error_register.o
 .data          0x00000000        0x0 mcp2515_error_register.o
 .bss           0x00000000        0x0 mcp2515_error_register.o
 .text.can_read_error_register
                0x00000000       0x16 mcp2515_error_register.o
 .debug_info    0x00000000      0x111 mcp2515_error_register.o
 .debug_abbrev  0x00000000       0xcb mcp2515_error_register.o
 .debug_loc     0x00000000       0x68 mcp2515_error_register.o
 .debug_aranges
                0x00000000       0x20 mcp2515_error_register.o
 .debug_ranges  0x00000000       0x10 mcp2515_error_register.o
 .debug_line    0x00000000       0xdd mcp2515_error_register.o
 .debug_str     0x00000000      0x220 mcp2515_error_register.o
 .comment       0x00000000       0x31 mcp2515_error_register.o
 .debug_frame   0x00000000       0x2c mcp2515_error_register.o
 .text          0x00000000        0x0 mcp2515_get_dyn_filter.o
 .data          0x00000000        0x0 mcp2515_get_dyn_filter.o
 .bss           0x00000000        0x0 mcp2515_get_dyn_filter.o
 .text.can_get_filter
                0x00000000       0xd6 mcp2515_get_dyn_filter.o
 .debug_info    0x00000000      0x32f mcp2515_get_dyn_filter.o
 .debug_abbrev  0x00000000      0x149 mcp2515_get_dyn_filter.o
 .debug_loc     0x00000000      0x1ca mcp2515_get_dyn_filter.o
 .debug_aranges
                0x00000000       0x20 mcp2515_get_dyn_filter.o
 .debug_ranges  0x00000000       0x10 mcp2515_get_dyn_filter.o
 .debug_line    0x00000000      0x1a6 mcp2515_get_dyn_filter.o
 .debug_str     0x00000000      0x29b mcp2515_get_dyn_filter.o
 .comment       0x00000000       0x31 mcp2515_get_dyn_filter.o
 .debug_frame   0x00000000       0x40 mcp2515_get_dyn_filter.o
 .text          0x00000000        0x0 mcp2515_get_message.o
 .data          0x00000000        0x0 mcp2515_get_message.o
 .bss           0x00000000        0x0 mcp2515_get_message.o
 .text          0x00000000        0x0 mcp2515_read_id.o
 .data          0x00000000        0x0 mcp2515_read_id.o
 .bss           0x00000000        0x0 mcp2515_read_id.o
 .text          0x00000000        0x0 mcp2515_regdump.o
 .data          0x00000000        0x0 mcp2515_regdump.o
 .bss           0x00000000        0x0 mcp2515_regdump.o
 .rodata.str1.1
                0x00000000       0x2a mcp2515_regdump.o
 .text.mcp2515_regdump
                0x00000000      0x1f2 mcp2515_regdump.o
 .debug_info    0x00000000      0x2c8 mcp2515_regdump.o
 .debug_abbrev  0x00000000      0x13c mcp2515_regdump.o
 .debug_loc     0x00000000      0x19a mcp2515_regdump.o
 .debug_aranges
                0x00000000       0x20 mcp2515_regdump.o
 .debug_ranges  0x00000000       0x10 mcp2515_regdump.o
 .debug_line    0x00000000      0x156 mcp2515_regdump.o
 .debug_str     0x00000000      0x23a mcp2515_regdump.o
 .comment       0x00000000       0x31 mcp2515_regdump.o
 .debug_frame   0x00000000       0x84 mcp2515_regdump.o
 .text          0x00000000        0x0 mcp2515_send_message.o
 .data          0x00000000        0x0 mcp2515_send_message.o
 .bss           0x00000000        0x0 mcp2515_send_message.o
 .text          0x00000000        0x0 mcp2515_set_dyn_filter.o
 .data          0x00000000        0x0 mcp2515_set_dyn_filter.o
 .bss           0x00000000        0x0 mcp2515_set_dyn_filter.o
 .text.can_set_filter
                0x00000000       0xd4 mcp2515_set_dyn_filter.o
 .debug_info    0x00000000      0x417 mcp2515_set_dyn_filter.o
 .debug_abbrev  0x00000000      0x191 mcp2515_set_dyn_filter.o
 .debug_loc     0x00000000      0x1db mcp2515_set_dyn_filter.o
 .debug_aranges
                0x00000000       0x20 mcp2515_set_dyn_filter.o
 .debug_ranges  0x00000000       0x10 mcp2515_set_dyn_filter.o
 .debug_line    0x00000000      0x209 mcp2515_set_dyn_filter.o
 .debug_str     0x00000000      0x2ff mcp2515_set_dyn_filter.o
 .comment       0x00000000       0x31 mcp2515_set_dyn_filter.o
 .debug_frame   0x00000000       0x40 mcp2515_set_dyn_filter.o
 .text          0x00000000        0x0 mcp2515_set_mode.o
 .data          0x00000000        0x0 mcp2515_set_mode.o
 .bss           0x00000000        0x0 mcp2515_set_mode.o
 .text.can_set_mode
                0x00000000       0x40 mcp2515_set_mode.o
 .debug_info    0x00000000      0x142 mcp2515_set_mode.o
 .debug_abbrev  0x00000000       0xe5 mcp2515_set_mode.o
 .debug_loc     0x00000000       0x6f mcp2515_set_mode.o
 .debug_aranges
                0x00000000       0x20 mcp2515_set_mode.o
 .debug_ranges  0x00000000       0x10 mcp2515_set_mode.o
 .debug_line    0x00000000      0x10d mcp2515_set_mode.o
 .debug_str     0x00000000      0x24d mcp2515_set_mode.o
 .comment       0x00000000       0x31 mcp2515_set_mode.o
 .debug_frame   0x00000000       0x30 mcp2515_set_mode.o
 .text          0x00000000        0x0 mcp2515_sleep.o
 .data          0x00000000        0x0 mcp2515_sleep.o
 .bss           0x00000000        0x0 mcp2515_sleep.o
 .text.can_sleep
                0x00000000       0x1c mcp2515_sleep.o
 .text.can_wakeup
                0x00000000       0x26 mcp2515_sleep.o
 .debug_info    0x00000000      0x1c7 mcp2515_sleep.o
 .debug_abbrev  0x00000000       0xc5 mcp2515_sleep.o
 .debug_aranges
                0x00000000       0x28 mcp2515_sleep.o
 .debug_ranges  0x00000000       0x18 mcp2515_sleep.o
 .debug_line    0x00000000       0xfc mcp2515_sleep.o
 .debug_str     0x00000000      0x244 mcp2515_sleep.o
 .comment       0x00000000       0x31 mcp2515_sleep.o
 .debug_frame   0x00000000       0x34 mcp2515_sleep.o
 .text          0x00000000        0x0 mcp2515_static_filter.o
 .data          0x00000000        0x0 mcp2515_static_filter.o
 .bss           0x00000000        0x0 mcp2515_static_filter.o
 .text          0x00000000        0x0 mcp2515_write_id.o
 .data          0x00000000        0x0 mcp2515_write_id.o
 .bss           0x00000000        0x0 mcp2515_write_id.o
 .text          0x00000000        0x0 spi.o
 .data          0x00000000        0x0 spi.o
 .bss           0x00000000        0x0 spi.o
 .text          0x00000000        0x0 c:/program files (x86)/atmel/studio/7.0/toolchain/avr8/avr8-gnu-toolchain/bin/../lib/gcc/avr/4.9.2/avr5\libgcc.a(_exit.o)
 .data          0x00000000        0x0 c:/program files (x86)/atmel/studio/7.0/toolchain/avr8/avr8-gnu-toolchain/bin/../lib/gcc/avr/4.9.2/avr5\libgcc.a(_exit.o)
 .bss           0x00000000        0x0 c:/program files (x86)/atmel/studio/7.0/toolchain/avr8/avr8-gnu-toolchain/bin/../lib/gcc/avr/4.9.2/avr5\libgcc.a(_exit.o)
 .text.libgcc.mul
                0x00000000        0x0 c:/program files (x86)/atmel/studio/7.0/toolchain/avr8/avr8-gnu-toolchain/bin/../lib/gcc/avr/4.9.2/avr5\libgcc.a(_exit.o)
 .text.libgcc.div
                0x00000000        0x0 c:/program files (x86)/atmel/studio/7.0/toolchain/avr8/avr8-gnu-toolchain/bin/../lib/gcc/avr/4.9.2/avr5\libgcc.a(_exit.o)
 .text.libgcc   0x00000000        0x0 c:/program files (x86)/atmel/studio/7.0/toolchain/avr8/avr8-gnu-toolchain/bin/../lib/gcc/avr/4.9.2/avr5\libgcc.a(_exit.o)
 .text.libgcc.prologue
                0x00000000        0x0 c:/program files (x86)/atmel/studio/7.0/toolchain/avr8/avr8-gnu-toolchain/bin/../lib/gcc/avr/4.9.2/avr5\libgcc.a(_exit.o)
 .text.libgcc.builtins
                0x00000000        0x0 c:/program files (x86)/atmel/studio/7.0/toolchain/avr8/avr8-gnu-toolchain/bin/../lib/gcc/avr/4.9.2/avr5\libgcc.a(_exit.o)
 .text.libgcc.fmul
                0x00000000        0x0 c:/program files (x86)/atmel/studio/7.0/toolchain/avr8/avr8-gnu-toolchain/bin/../lib/gcc/avr/4.9.2/avr5\libgcc.a(_exit.o)
 .text.libgcc.fixed
                0x00000000        0x0 c:/program files (x86)/atmel/studio/7.0/toolchain/avr8/avr8-gnu-toolchain/bin/../lib/gcc/avr/4.9.2/avr5\libgcc.a(_exit.o)
 .text          0x00000000        0x0 c:/program files (x86)/atmel/studio/7.0/toolchain/avr8/avr8-gnu-toolchain/bin/../lib/gcc/avr/4.9.2/avr5\libgcc.a(_copy_data.o)
 .data          0x00000000        0x0 c:/program files (x86)/atmel/studio/7.0/toolchain/avr8/avr8-gnu-toolchain/bin/../lib/gcc/avr/4.9.2/avr5\libgcc.a(_copy_data.o)
 .bss           0x00000000        0x0 c:/program files (x86)/atmel/studio/7.0/toolchain/avr8/avr8-gnu-toolchain/bin/../lib/gcc/avr/4.9.2/avr5\libgcc.a(_copy_data.o)
 .text.libgcc.mul
                0x00000000        0x0 c:/program files (x86)/atmel/studio/7.0/toolchain/avr8/avr8-gnu-toolchain/bin/../lib/gcc/avr/4.9.2/avr5\libgcc.a(_copy_data.o)
 .text.libgcc.div
                0x00000000        0x0 c:/program files (x86)/atmel/studio/7.0/toolchain/avr8/avr8-gnu-toolchain/bin/../lib/gcc/avr/4.9.2/avr5\libgcc.a(_copy_data.o)
 .text.libgcc   0x00000000        0x0 c:/program files (x86)/atmel/studio/7.0/toolchain/avr8/avr8-gnu-toolchain/bin/../lib/gcc/avr/4.9.2/avr5\libgcc.a(_copy_data.o)
 .text.libgcc.prologue
                0x00000000        0x0 c:/program files (x86)/atmel/studio/7.0/toolchain/avr8/avr8-gnu-toolchain/bin/../lib/gcc/avr/4.9.2/avr5\libgcc.a(_copy_data.o)
 .text.libgcc.builtins
                0x00000000        0x0 c:/program files (x86)/atmel/studio/7.0/toolchain/avr8/avr8-gnu-toolchain/bin/../lib/gcc/avr/4.9.2/avr5\libgcc.a(_copy_data.o)
 .text.libgcc.fmul
                0x00000000        0x0 c:/program files (x86)/atmel/studio/7.0/toolchain/avr8/avr8-gnu-toolchain/bin/../lib/gcc/avr/4.9.2/avr5\libgcc.a(_copy_data.o)
 .text.libgcc.fixed
                0x00000000        0x0 c:/program files (x86)/atmel/studio/7.0/toolchain/avr8/avr8-gnu-toolchain/bin/../lib/gcc/avr/4.9.2/avr5\libgcc.a(_copy_data.o)
 .text          0x00000000        0x0 c:/program files (x86)/atmel/studio/7.0/toolchain/avr8/avr8-gnu-toolchain/bin/../lib/gcc/avr/4.9.2/../../../../avr/lib/avr5\libc.a(printf_p.o)
 .data          0x00000000        0x0 c:/program files (x86)/atmel/studio/7.0/toolchain/avr8/avr8-gnu-toolchain/bin/../lib/gcc/avr/4.9.2/../../../../avr/lib/avr5\libc.a(printf_p.o)
 .bss           0x00000000        0x0 c:/program files (x86)/atmel/studio/7.0/toolchain/avr8/avr8-gnu-toolchain/bin/../lib/gcc/avr/4.9.2/../../../../avr/lib/avr5\libc.a(printf_p.o)
 .text.avr-libc
                0x00000000       0x4c c:/program files (x86)/atmel/studio/7.0/toolchain/avr8/avr8-gnu-toolchain/bin/../lib/gcc/avr/4.9.2/../../../../avr/lib/avr5\libc.a(printf_p.o)
 .comment       0x00000000       0x31 c:/program files (x86)/atmel/studio/7.0/toolchain/avr8/avr8-gnu-toolchain/bin/../lib/gcc/avr/4.9.2/../../../../avr/lib/avr5\libc.a(printf_p.o)
 .text          0x00000000        0x0 c:/program files (x86)/atmel/studio/7.0/toolchain/avr8/avr8-gnu-toolchain/bin/../lib/gcc/avr/4.9.2/../../../../avr/lib/avr5\libc.a(vfprintf_std.o)
 .data          0x00000000        0x0 c:/program files (x86)/atmel/studio/7.0/toolchain/avr8/avr8-gnu-toolchain/bin/../lib/gcc/avr/4.9.2/../../../../avr/lib/avr5\libc.a(vfprintf_std.o)
 .bss           0x00000000        0x0 c:/program files (x86)/atmel/studio/7.0/toolchain/avr8/avr8-gnu-toolchain/bin/../lib/gcc/avr/4.9.2/../../../../avr/lib/avr5\libc.a(vfprintf_std.o)
 .text.avr-libc
                0x00000000      0x3a4 c:/program files (x86)/atmel/studio/7.0/toolchain/avr8/avr8-gnu-toolchain/bin/../lib/gcc/avr/4.9.2/../../../../avr/lib/avr5\libc.a(vfprintf_std.o)
 .comment       0x00000000       0x2d c:/program files (x86)/atmel/studio/7.0/toolchain/avr8/avr8-gnu-toolchain/bin/../lib/gcc/avr/4.9.2/../../../../avr/lib/avr5\libc.a(vfprintf_std.o)
 .text          0x00000000        0x0 c:/program files (x86)/atmel/studio/7.0/toolchain/avr8/avr8-gnu-toolchain/bin/../lib/gcc/avr/4.9.2/../../../../avr/lib/avr5\libc.a(strnlen_P.o)
 .data          0x00000000        0x0 c:/program files (x86)/atmel/studio/7.0/toolchain/avr8/avr8-gnu-toolchain/bin/../lib/gcc/avr/4.9.2/../../../../avr/lib/avr5\libc.a(strnlen_P.o)
 .bss           0x00000000        0x0 c:/program files (x86)/atmel/studio/7.0/toolchain/avr8/avr8-gnu-toolchain/bin/../lib/gcc/avr/4.9.2/../../../../avr/lib/avr5\libc.a(strnlen_P.o)
 .text.avr-libc
                0x00000000       0x16 c:/program files (x86)/atmel/studio/7.0/toolchain/avr8/avr8-gnu-toolchain/bin/../lib/gcc/avr/4.9.2/../../../../avr/lib/avr5\libc.a(strnlen_P.o)
 .text          0x00000000        0x0 c:/program files (x86)/atmel/studio/7.0/toolchain/avr8/avr8-gnu-toolchain/bin/../lib/gcc/avr/4.9.2/../../../../avr/lib/avr5\libc.a(strnlen.o)
 .data          0x00000000        0x0 c:/program files (x86)/atmel/studio/7.0/toolchain/avr8/avr8-gnu-toolchain/bin/../lib/gcc/avr/4.9.2/../../../../avr/lib/avr5\libc.a(strnlen.o)
 .bss           0x00000000        0x0 c:/program files (x86)/atmel/studio/7.0/toolchain/avr8/avr8-gnu-toolchain/bin/../lib/gcc/avr/4.9.2/../../../../avr/lib/avr5\libc.a(strnlen.o)
 .text.avr-libc
                0x00000000       0x16 c:/program files (x86)/atmel/studio/7.0/toolchain/avr8/avr8-gnu-toolchain/bin/../lib/gcc/avr/4.9.2/../../../../avr/lib/avr5\libc.a(strnlen.o)
 .text          0x00000000        0x0 c:/program files (x86)/atmel/studio/7.0/toolchain/avr8/avr8-gnu-toolchain/bin/../lib/gcc/avr/4.9.2/../../../../avr/lib/avr5\libc.a(fputc.o)
 .data          0x00000000        0x0 c:/program files (x86)/atmel/studio/7.0/toolchain/avr8/avr8-gnu-toolchain/bin/../lib/gcc/avr/4.9.2/../../../../avr/lib/avr5\libc.a(fputc.o)
 .bss           0x00000000        0x0 c:/program files (x86)/atmel/studio/7.0/toolchain/avr8/avr8-gnu-toolchain/bin/../lib/gcc/avr/4.9.2/../../../../avr/lib/avr5\libc.a(fputc.o)
 .text.avr-libc
                0x00000000       0x70 c:/program files (x86)/atmel/studio/7.0/toolchain/avr8/avr8-gnu-toolchain/bin/../lib/gcc/avr/4.9.2/../../../../avr/lib/avr5\libc.a(fputc.o)
 .comment       0x00000000       0x31 c:/program files (x86)/atmel/studio/7.0/toolchain/avr8/avr8-gnu-toolchain/bin/../lib/gcc/avr/4.9.2/../../../../avr/lib/avr5\libc.a(fputc.o)
 .text          0x00000000        0x0 c:/program files (x86)/atmel/studio/7.0/toolchain/avr8/avr8-gnu-toolchain/bin/../lib/gcc/avr/4.9.2/../../../../avr/lib/avr5\libc.a(iob.o)
 .data          0x00000000        0x0 c:/program files (x86)/atmel/studio/7.0/toolchain/avr8/avr8-gnu-toolchain/bin/../lib/gcc/avr/4.9.2/../../../../avr/lib/avr5\libc.a(iob.o)
 .bss           0x00000000        0x0 c:/program files (x86)/atmel/studio/7.0/toolchain/avr8/avr8-gnu-toolchain/bin/../lib/gcc/avr/4.9.2/../../../../avr/lib/avr5\libc.a(iob.o)
 .comment       0x00000000       0x31 c:/program files (x86)/atmel/studio/7.0/toolchain/avr8/avr8-gnu-toolchain/bin/../lib/gcc/avr/4.9.2/../../../../avr/lib/avr5\libc.a(iob.o)
 COMMON         0x00000000        0x6 c:/program files (x86)/atmel/studio/7.0/toolchain/avr8/avr8-gnu-toolchain/bin/../lib/gcc/avr/4.9.2/../../../../avr/lib/avr5\libc.a(iob.o)
 .text          0x00000000        0x0 c:/program files (x86)/atmel/studio/7.0/toolchain/avr8/avr8-gnu-toolchain/bin/../lib/gcc/avr/4.9.2/../../../../avr/lib/avr5\libc.a(ultoa_invert.o)
 .data          0x00000000        0x0 c:/program files (x86)/atmel/studio/7.0/toolchain/avr8/avr8-gnu-toolchain/bin/../lib/gcc/avr/4.9.2/../../../../avr/lib/avr5\libc.a(ultoa_invert.o)
 .bss           0x00000000        0x0 c:/program files (x86)/atmel/studio/7.0/toolchain/avr8/avr8-gnu-toolchain/bin/../lib/gcc/avr/4.9.2/../../../../avr/lib/avr5\libc.a(ultoa_invert.o)
 .text.avr-libc
                0x00000000       0xbc c:/program files (x86)/atmel/studio/7.0/toolchain/avr8/avr8-gnu-toolchain/bin/../lib/gcc/avr/4.9.2/../../../../avr/lib/avr5\libc.a(ultoa_invert.o)
 .text          0x00000000        0x0 c:/program files (x86)/atmel/studio/7.0/toolchain/avr8/avr8-gnu-toolchain/bin/../lib/gcc/avr/4.9.2/avr5\libgcc.a(_clear_bss.o)
 .data          0x00000000        0x0 c:/program files (x86)/atmel/studio/7.0/toolchain/avr8/avr8-gnu-toolchain/bin/../lib/gcc/avr/4.9.2/avr5\libgcc.a(_clear_bss.o)
 .bss           0x00000000        0x0 c:/program files (x86)/atmel/studio/7.0/toolchain/avr8/avr8-gnu-toolchain/bin/../lib/gcc/avr/4.9.2/avr5\libgcc.a(_clear_bss.o)
 .text.libgcc.mul
                0x00000000        0x0 c:/program files (x86)/atmel/studio/7.0/toolchain/avr8/avr8-gnu-toolchain/bin/../lib/gcc/avr/4.9.2/avr5\libgcc.a(_clear_bss.o)
 .text.libgcc.div
                0x00000000        0x0 c:/program files (x86)/atmel/studio/7.0/toolchain/avr8/avr8-gnu-toolchain/bin/../lib/gcc/avr/4.9.2/avr5\libgcc.a(_clear_bss.o)
 .text.libgcc   0x00000000        0x0 c:/program files (x86)/atmel/studio/7.0/toolchain/avr8/avr8-gnu-toolchain/bin/../lib/gcc/avr/4.9.2/avr5\libgcc.a(_clear_bss.o)
 .text.libgcc.prologue
                0x00000000        0x0 c:/program files (x86)/atmel/studio/7.0/toolchain/avr8/avr8-gnu-toolchain/bin/../lib/gcc/avr/4.9.2/avr5\libgcc.a(_clear_bss.o)
 .text.libgcc.builtins
                0x00000000        0x0 c:/program files (x86)/atmel/studio/7.0/toolchain/avr8/avr8-gnu-toolchain/bin/../lib/gcc/avr/4.9.2/avr5\libgcc.a(_clear_bss.o)
 .text.libgcc.fmul
                0x00000000        0x0 c:/program files (x86)/atmel/studio/7.0/toolchain/avr8/avr8-gnu-toolchain/bin/../lib/gcc/avr/4.9.2/avr5\libgcc.a(_clear_bss.o)
 .text.libgcc.fixed
                0x00000000        0x0 c:/program files (x86)/atmel/studio/7.0/toolchain/avr8/avr8-gnu-toolchain/bin/../lib/gcc/avr/4.9.2/avr5\libgcc.a(_clear_bss.o)
 .text          0x00000000        0x0 c:/program files (x86)/atmel/studio/7.0/toolchain/avr8/avr8-gnu-toolchain/bin/../lib/gcc/avr/4.9.2/avr5\libgcc.a(_prologue.o)
 .data          0x00000000        0x0 c:/program files (x86)/atmel/studio/7.0/toolchain/avr8/avr8-gnu-toolchain/bin/../lib/gcc/avr/4.9.2/avr5\libgcc.a(_prologue.o)
 .bss           0x00000000        0x0 c:/program files (x86)/atmel/studio/7.0/toolchain/avr8/avr8-gnu-toolchain/bin/../lib/gcc/avr/4.9.2/avr5\libgcc.a(_prologue.o)
 .text.libgcc.mul
                0x00000000        0x0 c:/program files (x86)/atmel/studio/7.0/toolchain/avr8/avr8-gnu-toolchain/bin/../lib/gcc/avr/4.9.2/avr5\libgcc.a(_prologue.o)
 .text.libgcc.div
                0x00000000        0x0 c:/program files (x86)/atmel/studio/7.0/toolchain/avr8/avr8-gnu-toolchain/bin/../lib/gcc/avr/4.9.2/avr5\libgcc.a(_prologue.o)
 .text.libgcc   0x00000000        0x0 c:/program files (x86)/atmel/studio/7.0/toolchain/avr8/avr8-gnu-toolchain/bin/../lib/gcc/avr/4.9.2/avr5\libgcc.a(_prologue.o)
 .text.libgcc.prologue
                0x00000000       0x38 c:/program files (x86)/atmel/studio/7.0/toolchain/avr8/avr8-gnu-toolchain/bin/../lib/gcc/avr/4.9.2/avr5\libgcc.a(_prologue.o)
 .text.libgcc.builtins
                0x00000000        0x0 c:/program files (x86)/atmel/studio/7.0/toolchain/avr8/avr8-gnu-toolchain/bin/../lib/gcc/avr/4.9.2/avr5\libgcc.a(_prologue.o)
 .text.libgcc.fmul
                0x00000000        0x0 c:/program files (x86)/atmel/studio/7.0/toolchain/avr8/avr8-gnu-toolchain/bin/../lib/gcc/avr/4.9.2/avr5\libgcc.a(_prologue.o)
 .text.libgcc.fixed
                0x00000000        0x0 c:/program files (x86)/atmel/studio/7.0/toolchain/avr8/avr8-gnu-toolchain/bin/../lib/gcc/avr/4.9.2/avr5\libgcc.a(_prologue.o)
 .text          0x00000000        0x0 c:/program files (x86)/atmel/studio/7.0/toolchain/avr8/avr8-gnu-toolchain/bin/../lib/gcc/avr/4.9.2/avr5\libgcc.a(_epilogue.o)
 .data          0x00000000        0x0 c:/program files (x86)/atmel/studio/7.0/toolchain/avr8/avr8-gnu-toolchain/bin/../lib/gcc/avr/4.9.2/avr5\libgcc.a(_epilogue.o)
 .bss           0x00000000        0x0 c:/program files (x86)/atmel/studio/7.0/toolchain/avr8/avr8-gnu-toolchain/bin/../lib/gcc/avr/4.9.2/avr5\libgcc.a(_epilogue.o)
 .text.libgcc.mul
                0x00000000        0x0 c:/program files (x86)/atmel/studio/7.0/toolchain/avr8/avr8-gnu-toolchain/bin/../lib/gcc/avr/4.9.2/avr5\libgcc.a(_epilogue.o)
 .text.libgcc.div
                0x00000000        0x0 c:/program files (x86)/atmel/studio/7.0/toolchain/avr8/avr8-gnu-toolchain/bin/../lib/gcc/avr/4.9.2/avr5\libgcc.a(_epilogue.o)
 .text.libgcc   0x00000000        0x0 c:/program files (x86)/atmel/studio/7.0/toolchain/avr8/avr8-gnu-toolchain/bin/../lib/gcc/avr/4.9.2/avr5\libgcc.a(_epilogue.o)
 .text.libgcc.prologue
                0x00000000       0x36 c:/program files (x86)/atmel/studio/7.0/toolchain/avr8/avr8-gnu-toolchain/bin/../lib/gcc/avr/4.9.2/avr5\libgcc.a(_epilogue.o)
 .text.libgcc.builtins
                0x00000000        0x0 c:/program files (x86)/atmel/studio/7.0/toolchain/avr8/avr8-gnu-toolchain/bin/../lib/gcc/avr/4.9.2/avr5\libgcc.a(_epilogue.o)
 .text.libgcc.fmul
                0x00000000        0x0 c:/program files (x86)/atmel/studio/7.0/toolchain/avr8/avr8-gnu-toolchain/bin/../lib/gcc/avr/4.9.2/avr5\libgcc.a(_epilogue.o)
 .text.libgcc.fixed
                0x00000000        0x0 c:/program files (x86)/atmel/studio/7.0/toolchain/avr8/avr8-gnu-toolchain/bin/../lib/gcc/avr/4.9.2/avr5\libgcc.a(_epilogue.o)

Memory Configuration

Name             Origin             Length             Attributes
text             0x00000000         0x00020000         xr
data             0x00800060         0x0000ffa0         rw !x
eeprom           0x00810000         0x00010000         rw !x
fuse             0x00820000         0x00000400         rw !x
lock             0x00830000         0x00000400         rw !x
signature        0x00840000         0x00000400         rw !x
user_signatures  0x00850000         0x00000400         rw !x
*default*        0x00000000         0xffffffff

Linker script and memory map

Address of section .data set to 0x800100
LOAD C:/Program Files (x86)/Atmel/Studio/7.0/Packs/atmel/ATmega_DFP/1.0.106/gcc/dev/atmega328p/avr5/crtatmega328p.o
LOAD can_buffer.o
LOAD main.o
LOAD mcp2515.o
LOAD mcp2515_buffer.o
LOAD mcp2515_error_register.o
LOAD mcp2515_get_dyn_filter.o
LOAD mcp2515_get_message.o
LOAD mcp2515_read_id.o
LOAD mcp2515_regdump.o
LOAD mcp2515_send_message.o
LOAD mcp2515_set_dyn_filter.o
LOAD mcp2515_set_mode.o
LOAD mcp2515_sleep.o
LOAD mcp2515_static_filter.o
LOAD mcp2515_write_id.o
LOAD spi.o
START GROUP
LOAD c:/program files (x86)/atmel/studio/7.0/toolchain/avr8/avr8-gnu-toolchain/bin/../lib/gcc/avr/4.9.2/../../../../avr/lib/avr5\libm.a
END GROUP
START GROUP
LOAD c:/program files (x86)/atmel/studio/7.0/toolchain/avr8/avr8-gnu-toolchain/bin/../lib/gcc/avr/4.9.2/avr5\libgcc.a
LOAD c:/program files (x86)/atmel/studio/7.0/toolchain/avr8/avr8-gnu-toolchain/bin/../lib/gcc/avr/4.9.2/../../../../avr/lib/avr5\libm.a
LOAD c:/program files (x86)/atmel/studio/7.0/toolchain/avr8/avr8-gnu-toolchain/bin/../lib/gcc/avr/4.9.2/../../../../avr/lib/avr5\libc.a
LOAD C:/Program Files (x86)/Atmel/Studio/7.0/Packs/atmel/ATmega_DFP/1.0.106/gcc/dev/atmega328p/avr5\libatmega328p.a
END GROUP
                0x00020000                __TEXT_REGION_LENGTH__ = DEFINED (__TEXT_REGION_LENGTH__)?__TEXT_REGION_LENGTH__:0x20000
                0x0000ffa0                __DATA_REGION_LENGTH__ = DEFINED (__DATA_REGION_LENGTH__)?__DATA_REGION_LENGTH__:0xffa0
                0x00010000                __EEPROM_REGION_LENGTH__ = DEFINED (__EEPROM_REGION_LENGTH__)?__EEPROM_REGION_LENGTH__:0x10000
                0x00000400                __FUSE_REGION_LENGTH__ = DEFINED (__FUSE_REGION_LENGTH__)?__FUSE_REGION_LENGTH__:0x400
                0x00000400                __LOCK_REGION_LENGTH__ = DEFINED (__LOCK_REGION_LENGTH__)?__LOCK_REGION_LENGTH__:0x400
                0x00000400                __SIGNATURE_REGION_LENGTH__ = DEFINED (__SIGNATURE_REGION_LENGTH__)?__SIGNATURE_REGION_LENGTH__:0x400
                0x00000400                __USER_SIGNATURE_REGION_LENGTH__ = DEFINED (__USER_SIGNATURE_REGION_LENGTH__)?__USER_SIGNATURE_REGION_LENGTH__:0x400

.hash
 *(.hash)

.dynsym
 *(.dynsym)

.dynstr
 *(.dynstr)

.gnu.version
 *(.gnu.version)

.gnu.version_d
 *(.gnu.version_d)

.gnu.version_r
 *(.gnu.version_r)

.rel.init
 *(.rel.init)

.rela.init
 *(.rela.init)

.rel.text
 *(.rel.text)
 *(.rel.text.*)
 *(.rel.gnu.linkonce.t*)

.rela.text
 *(.rela.text)
 *(.rela.text.*)
 *(.rela.gnu.linkonce.t*)

.rel.fini
 *(.rel.fini)

.rela.fini
 *(.rela.fini)

.rel.rodata
 *(.rel.rodata)
 *(.rel.rodata.*)
 *(.rel.gnu.linkonce.r*)

.rela.rodata
 *(.rela.rodata)
 *(.rela.rodata.*)
 *(.rela.gnu.linkonce.r*)

.rel.data
 *(.rel.data)
 *(.rel.data.*)
 *(.rel.gnu.linkonce.d*)

.rela.data
 *(.rela.data)
 *(.rela.data.*)
 *(.rela.gnu.linkonce.d*)

.rel.ctors
 *(.rel.ctors)

.rela.ctors
 *(.rela.ctors)

.rel.dtors
 *(.rel.dtors)

.rela.dtors
 *(.rela.dtors)

.rel.got
 *(.rel.got)

.rela.got
 *(.rela.got)

.rel.bss
 *(.rel.bss)

.rela.bss
 *(.rela.bss)

.rel.plt
 *(.rel.plt)

.rela.plt
 *(.rela.plt)

.text           0x00000000      0x592
 *(.vectors)
 .vectors       0x00000000       0x68 C:/Program Files (x86)/Atmel/Studio/7.0/Packs/atmel/ATmega_DFP/1.0.106/gcc/dev/atmega328p/avr5/crtatmega328p.o
                0x00000000                __vector_default
                0x00000000                __vectors
 *(.vectors)
 *(.progmem.gcc*)
                0x00000068                . = ALIGN (0x2)
                0x00000068                __trampolines_start = .
 *(.trampolines)
 .trampolines   0x00000068        0x0 linker stubs
 *(.trampolines*)
                0x00000068                __trampolines_end = .
 *(.progmem*)
 .progmem.data.can_filter
                0x00000068        0xc main.o
                0x00000068                can_filter
 .progmem.data._mcp2515_cnf
                0x00000074       0x18 mcp2515.o
                0x00000074                _mcp2515_cnf
                0x0000008c                . = ALIGN (0x2)
 *(.jumptables)
 *(.jumptables*)
 *(.lowtext)
 *(.lowtext*)
                0x0000008c                __ctors_start = .
 *(.ctors)
                0x0000008c                __ctors_end = .
                0x0000008c                __dtors_start = .
 *(.dtors)
                0x0000008c                __dtors_end = .
 SORT(*)(.ctors)
 SORT(*)(.dtors)
 *(.init0)
 .init0         0x0000008c        0x0 C:/Program Files (x86)/Atmel/Studio/7.0/Packs/atmel/ATmega_DFP/1.0.106/gcc/dev/atmega328p/avr5/crtatmega328p.o
                0x0000008c                __init
 *(.init0)
 *(.init1)
 *(.init1)
 *(.init2)
 .init2         0x0000008c        0xc C:/Program Files (x86)/Atmel/Studio/7.0/Packs/atmel/ATmega_DFP/1.0.106/gcc/dev/atmega328p/avr5/crtatmega328p.o
 *(.init2)
 *(.init3)
 *(.init3)
 *(.init4)
 .init4         0x00000098       0x16 c:/program files (x86)/atmel/studio/7.0/toolchain/avr8/avr8-gnu-toolchain/bin/../lib/gcc/avr/4.9.2/avr5\libgcc.a(_copy_data.o)
                0x00000098                __do_copy_data
 .init4         0x000000ae       0x10 c:/program files (x86)/atmel/studio/7.0/toolchain/avr8/avr8-gnu-toolchain/bin/../lib/gcc/avr/4.9.2/avr5\libgcc.a(_clear_bss.o)
                0x000000ae                __do_clear_bss
 *(.init4)
 *(.init5)
 *(.init5)
 *(.init6)
 *(.init6)
 *(.init7)
 *(.init7)
 *(.init8)
 *(.init8)
 *(.init9)
 .init9         0x000000be        0x8 C:/Program Files (x86)/Atmel/Studio/7.0/Packs/atmel/ATmega_DFP/1.0.106/gcc/dev/atmega328p/avr5/crtatmega328p.o
 *(.init9)
 *(.text)
 .text          0x000000c6        0x4 C:/Program Files (x86)/Atmel/Studio/7.0/Packs/atmel/ATmega_DFP/1.0.106/gcc/dev/atmega328p/avr5/crtatmega328p.o
                0x000000c6                __vector_22
                0x000000c6                __vector_1
                0x000000c6                __vector_24
                0x000000c6                __vector_12
                0x000000c6                __bad_interrupt
                0x000000c6                __vector_6
                0x000000c6                __vector_3
                0x000000c6                __vector_23
                0x000000c6                __vector_25
                0x000000c6                __vector_11
                0x000000c6                __vector_13
                0x000000c6                __vector_17
                0x000000c6                __vector_19
                0x000000c6                __vector_7
                0x000000c6                __vector_5
                0x000000c6                __vector_4
                0x000000c6                __vector_9
                0x000000c6                __vector_2
                0x000000c6                __vector_21
                0x000000c6                __vector_15
                0x000000c6                __vector_8
                0x000000c6                __vector_14
                0x000000c6                __vector_10
                0x000000c6                __vector_16
                0x000000c6                __vector_18
                0x000000c6                __vector_20
                0x000000ca                . = ALIGN (0x2)
 *(.text.*)
 .text.main     0x000000ca       0x60 main.o
                0x000000ca                main
 .text.mcp2515_write_register
                0x0000012a       0x24 mcp2515.o
                0x0000012a                mcp2515_write_register
 .text.mcp2515_read_register
                0x0000014e       0x1e mcp2515.o
                0x0000014e                mcp2515_read_register
 .text.mcp2515_bit_modify
                0x0000016c       0x30 mcp2515.o
                0x0000016c                mcp2515_bit_modify
 .text.mcp2515_read_status
                0x0000019c       0x10 mcp2515.o
                0x0000019c                mcp2515_read_status
 .text.can_init
                0x000001ac       0xf2 mcp2515.o
                0x000001ac                can_init
 .text.can_check_message
                0x0000029e        0x8 mcp2515_buffer.o
                0x0000029e                can_check_message
 .text.can_get_message
                0x000002a6       0xf0 mcp2515_get_message.o
                0x000002a6                can_get_message
 .text.mcp2515_read_id
                0x00000396       0x76 mcp2515_read_id.o
                0x00000396                mcp2515_read_id
 .text.can_send_message
                0x0000040c       0xb0 mcp2515_send_message.o
                0x0000040c                can_send_message
 .text.can_static_filter
                0x000004bc       0x86 mcp2515_static_filter.o
                0x000004bc                can_static_filter
 .text.mcp2515_write_id
                0x00000542       0x36 mcp2515_write_id.o
                0x00000542                mcp2515_write_id
 .text.mcp2515_spi_init
                0x00000578        0xa spi.o
                0x00000578                mcp2515_spi_init
 .text.spi_putc
                0x00000582        0xc spi.o
                0x00000582                spi_putc
                0x0000058e                . = ALIGN (0x2)
 *(.fini9)
 .fini9         0x0000058e        0x0 c:/program files (x86)/atmel/studio/7.0/toolchain/avr8/avr8-gnu-toolchain/bin/../lib/gcc/avr/4.9.2/avr5\libgcc.a(_exit.o)
                0x0000058e                _exit
                0x0000058e                exit
 *(.fini9)
 *(.fini8)
 *(.fini8)
 *(.fini7)
 *(.fini7)
 *(.fini6)
 *(.fini6)
 *(.fini5)
 *(.fini5)
 *(.fini4)
 *(.fini4)
 *(.fini3)
 *(.fini3)
 *(.fini2)
 *(.fini2)
 *(.fini1)
 *(.fini1)
 *(.fini0)
 .fini0         0x0000058e        0x4 c:/program files (x86)/atmel/studio/7.0/toolchain/avr8/avr8-gnu-toolchain/bin/../lib/gcc/avr/4.9.2/avr5\libgcc.a(_exit.o)
 *(.fini0)
                0x00000592                _etext = .

.data           0x00800100        0x0 load address 0x00000592
                0x00800100                PROVIDE (__data_start, .)
 *(.data)
 *(.data*)
 *(.rodata)
 *(.rodata*)
 *(.gnu.linkonce.d*)
                0x00800100                . = ALIGN (0x2)
                0x00800100                _edata = .
                0x00800100                PROVIDE (__data_end, .)

.bss            0x00800100        0x0
                0x00800100                PROVIDE (__bss_start, .)
 *(.bss)
 *(.bss*)
 *(COMMON)
                0x00800100                PROVIDE (__bss_end, .)
                0x00000592                __data_load_start = LOADADDR (.data)
                0x00000592                __data_load_end = (__data_load_start + SIZEOF (.data))

.noinit         0x00800100        0x0
                [!provide]                PROVIDE (__noinit_start, .)
 *(.noinit*)
                [!provide]                PROVIDE (__noinit_end, .)
                0x00800100                _end = .
                [!provide]                PROVIDE (__heap_start, .)

.eeprom         0x00810000        0x0
 *(.eeprom*)
                0x00810000                __eeprom_end = .

.fuse
 *(.fuse)
 *(.lfuse)
 *(.hfuse)
 *(.efuse)

.lock
 *(.lock*)

.signature
 *(.signature*)

.user_signatures
 *(.user_signatures*)

.stab
 *(.stab)

.stabstr
 *(.stabstr)

.stab.excl
 *(.stab.excl)

.stab.exclstr
 *(.stab.exclstr)

.stab.index
 *(.stab.index)

.stab.indexstr
 *(.stab.indexstr)

.comment        0x00000000       0x30
 *(.comment)
 .comment       0x00000000       0x30 main.o
                                 0x31 (size before relaxing)
 .comment       0x00000030       0x31 mcp2515.o
 .comment       0x00000030       0x31 mcp2515_buffer.o
 .comment       0x00000030       0x31 mcp2515_get_message.o
 .comment       0x00000030       0x31 mcp2515_read_id.o
 .comment       0x00000030       0x31 mcp2515_send_message.o
 .comment       0x00000030       0x31 mcp2515_static_filter.o
 .comment       0x00000030       0x31 mcp2515_write_id.o
 .comment       0x00000030       0x31 spi.o

.note.gnu.avr.deviceinfo
                0x00000000       0x40
 .note.gnu.avr.deviceinfo
                0x00000000       0x40 C:/Program Files (x86)/Atmel/Studio/7.0/Packs/atmel/ATmega_DFP/1.0.106/gcc/dev/atmega328p/avr5/crtatmega328p.o

.note.gnu.build-id
 *(.note.gnu.build-id)

.debug
 *(.debug)

.line
 *(.line)

.debug_srcinfo
 *(.debug_srcinfo)

.debug_sfnames
 *(.debug_sfnames)

.debug_aranges  0x00000000      0x150
 *(.debug_aranges)
 .debug_aranges
                0x00000000       0x20 main.o
 .debug_aranges
                0x00000020       0x40 mcp2515.o
 .debug_aranges
                0x00000060       0x28 mcp2515_buffer.o
 .debug_aranges
                0x00000088       0x20 mcp2515_get_message.o
 .debug_aranges
                0x000000a8       0x20 mcp2515_read_id.o
 .debug_aranges
                0x000000c8       0x20 mcp2515_send_message.o
 .debug_aranges
                0x000000e8       0x20 mcp2515_static_filter.o
 .debug_aranges
                0x00000108       0x20 mcp2515_write_id.o
 .debug_aranges
                0x00000128       0x28 spi.o

.debug_pubnames
 *(.debug_pubnames)

.debug_info     0x00000000     0x149a
 *(.debug_info .gnu.linkonce.wi.*)
 .debug_info    0x00000000      0x2cb main.o
 .debug_info    0x000002cb      0x52d mcp2515.o
 .debug_info    0x000007f8       0xee mcp2515_buffer.o
 .debug_info    0x000008e6      0x2f8 mcp2515_get_message.o
 .debug_info    0x00000bde      0x1b7 mcp2515_read_id.o
 .debug_info    0x00000d95      0x2dd mcp2515_send_message.o
 .debug_info    0x00001072      0x213 mcp2515_static_filter.o
 .debug_info    0x00001285      0x15a mcp2515_write_id.o
 .debug_info    0x000013df       0xbb spi.o

.debug_abbrev   0x00000000      0xaba
 *(.debug_abbrev)
 .debug_abbrev  0x00000000      0x178 main.o
 .debug_abbrev  0x00000178      0x1d6 mcp2515.o
 .debug_abbrev  0x0000034e       0xaf mcp2515_buffer.o
 .debug_abbrev  0x000003fd      0x13b mcp2515_get_message.o
 .debug_abbrev  0x00000538      0x125 mcp2515_read_id.o
 .debug_abbrev  0x0000065d      0x1b5 mcp2515_send_message.o
 .debug_abbrev  0x00000812      0x10c mcp2515_static_filter.o
 .debug_abbrev  0x0000091e      0x122 mcp2515_write_id.o
 .debug_abbrev  0x00000a40       0x7a spi.o

.debug_line     0x00000000      0xc48
 *(.debug_line .debug_line.* .debug_line_end)
 .debug_line    0x00000000       0xed main.o
 .debug_line    0x000000ed      0x2d5 mcp2515.o
 .debug_line    0x000003c2       0xe8 mcp2515_buffer.o
 .debug_line    0x000004aa      0x187 mcp2515_get_message.o
 .debug_line    0x00000631      0x122 mcp2515_read_id.o
 .debug_line    0x00000753      0x1ee mcp2515_send_message.o
 .debug_line    0x00000941      0x14e mcp2515_static_filter.o
 .debug_line    0x00000a8f       0xe5 mcp2515_write_id.o
 .debug_line    0x00000b74       0xd4 spi.o

.debug_frame    0x00000000      0x278
 *(.debug_frame)
 .debug_frame   0x00000000       0x34 main.o
 .debug_frame   0x00000034       0xb0 mcp2515.o
 .debug_frame   0x000000e4       0x34 mcp2515_buffer.o
 .debug_frame   0x00000118       0x4c mcp2515_get_message.o
 .debug_frame   0x00000164       0x34 mcp2515_read_id.o
 .debug_frame   0x00000198       0x48 mcp2515_send_message.o
 .debug_frame   0x000001e0       0x40 mcp2515_static_filter.o
 .debug_frame   0x00000220       0x24 mcp2515_write_id.o
 .debug_frame   0x00000244       0x34 spi.o

.debug_str      0x00000000      0x4be
 *(.debug_str)
 .debug_str     0x00000000      0x2b6 main.o
                                0x2ea (size before relaxing)
 .debug_str     0x000002b6       0xf8 mcp2515.o
                                0x36d (size before relaxing)
 .debug_str     0x000003ae       0x2c mcp2515_buffer.o
                                0x218 (size before relaxing)
 .debug_str     0x000003da       0x30 mcp2515_get_message.o
                                0x251 (size before relaxing)
 .debug_str     0x0000040a       0x30 mcp2515_read_id.o
                                0x210 (size before relaxing)
 .debug_str     0x0000043a       0x44 mcp2515_send_message.o
                                0x28f (size before relaxing)
 .debug_str     0x0000047e       0x1d mcp2515_static_filter.o
                                0x253 (size before relaxing)
 .debug_str     0x0000049b       0x18 mcp2515_write_id.o
                                0x20c (size before relaxing)
 .debug_str     0x000004b3        0xb spi.o
                                0x1e3 (size before relaxing)

.debug_loc      0x00000000      0xa8c
 *(.debug_loc)
 .debug_loc     0x00000000       0x47 main.o
 .debug_loc     0x00000047      0x4b0 mcp2515.o
 .debug_loc     0x000004f7       0x13 mcp2515_buffer.o
 .debug_loc     0x0000050a      0x197 mcp2515_get_message.o
 .debug_loc     0x000006a1       0xcd mcp2515_read_id.o
 .debug_loc     0x0000076e      0x17a mcp2515_send_message.o
 .debug_loc     0x000008e8      0x129 mcp2515_static_filter.o
 .debug_loc     0x00000a11       0x5c mcp2515_write_id.o
 .debug_loc     0x00000a6d       0x1f spi.o

.debug_macinfo
 *(.debug_macinfo)

.debug_weaknames
 *(.debug_weaknames)

.debug_funcnames
 *(.debug_funcnames)

.debug_typenames
 *(.debug_typenames)

.debug_varnames
 *(.debug_varnames)

.debug_pubtypes
 *(.debug_pubtypes)

.debug_ranges   0x00000000       0xc0
 *(.debug_ranges)
 .debug_ranges  0x00000000       0x10 main.o
 .debug_ranges  0x00000010       0x30 mcp2515.o
 .debug_ranges  0x00000040       0x18 mcp2515_buffer.o
 .debug_ranges  0x00000058       0x10 mcp2515_get_message.o
 .debug_ranges  0x00000068       0x10 mcp2515_read_id.o
 .debug_ranges  0x00000078       0x10 mcp2515_send_message.o
 .debug_ranges  0x00000088       0x10 mcp2515_static_filter.o
 .debug_ranges  0x00000098       0x10 mcp2515_write_id.o
 .debug_ranges  0x000000a8       0x18 spi.o

.debug_macro
 *(.debug_macro)
OUTPUT(GccApplication1.elf elf32-avr)
LOAD linker stubs
